// Jest Snapshot v1, https://goo.gl/fbAQLP

exports[`Should PlaceCard render correctly 1`] = `
<div>
  <article
    class="cities__place-card place-card"
    id="1"
  >
    <div
      class="place-card__mark"
    >
      <span>
        Premium
      </span>
    </div>
    <div
      class="cities__image-wrapper place-card__image-wrapper"
    >
      <a
        href="#"
      >
        <img
          alt="Place image"
          class="place-card__image"
          height="200"
          src="https://assets.htmlacademy.ru/intensives/javascript-3/hotel/16.jpg"
          width="260"
        />
      </a>
    </div>
    <div
      class="place-card__info"
    >
      <div
        class="place-card__price-wrapper"
      >
        <div
          class="place-card__price"
        >
          <b
            class="place-card__price-value"
          >
            €
            169
          </b>
          <span
            class="place-card__price-text"
          >
            / night
          </span>
        </div>
        <a
          href="/login"
        >
          <button
            class="place-card__bookmark-button button"
            type="button"
          >
            <svg
              class="place-card__bookmark-icon"
              height="19"
              width="18"
            >
              <use
                xlink:href="#icon-bookmark"
              />
            </svg>
             :
            <span
              class="visually-hidden"
            >
              To bookmarks
            </span>
          </button>
        </a>
      </div>
      <div
        class="place-card__rating rating"
      >
        <div
          class="place-card__stars rating__stars"
        >
          <span
            style="width: 60%;"
          />
          <span
            class="visually-hidden"
          >
            3
          </span>
        </div>
      </div>
      <h2
        class="place-card__name"
      >
        <a
          href="/offer/1"
        >
          The house among olive
        </a>
      </h2>
      <p
        class="place-card__type"
      >
        room
      </p>
    </div>
  </article>
</div>
`;
