// Jest Snapshot v1, https://goo.gl/fbAQLP

exports[`Should RoomPhoto render correctly 1`] = `
<div>
  <div
    class="property__image-wrapper"
  >
    <img
      alt="Photo studio"
      class="property__image"
    />
  </div>
</div>
`;
